(435) 555-1698
(435) 555-1698
Invalid input
(801) 123-9876
(801) 123-9876
Invalid input
Invalid input
(607) 493-3411
Invalid input
(987) 432-7654
Invalid input
