candidate "rebus" has score 137
candidate "resus" has score 135
candidate "rubes" has score 173
candidate "rudes" has score 168
candidate "ruers" has score 147
candidate "rules" has score 168
candidate "rumes" has score 168
candidate "runes" has score 168
candidate "ruses" has score 171
